{
    "should run without failures with swissprot": {
        "content": [
            [
                [
                    {
                        "id": "test_sample1",
                        "genome_id": "GCA_003719455.1",
                        "ena_tax": "default"
                    },
                    [
                        "5693_uniprot_proteins.faa:md5,c3e392c8fb6d6bceb0a063e4f3d88205",
                        "5693_uniprot_raw.faa:md5,77f5a850c7f9c108cc5a5e9562b17667"
                    ]
                ]
            ],
            {
                "UNIPROT_DATA": {
                    "UniProt": 202601,
                    "Python": "3.13.1"
                }
            }
        ],
        "meta": {
            "nf-test": "0.9.0",
            "nextflow": "25.04.1"
        },
        "timestamp": "2026-04-15T12:38:55.862469"
    },
    "Should run without failures": {
        "content": [
            [
                [
                    {
                        "id": "test_sample1",
                        "genome_id": "GCA_003719455.1",
                        "ena_tax": "default"
                    },
                    [
                        "5693_uniprot_proteins.faa:md5,f2c05ee22ed44547d8403629c6f8c462",
                        "5693_uniprot_raw.faa:md5,8d194efff890c4fd722aef97487198a9"
                    ]
                ]
            ],
            {
                "UNIPROT_DATA": {
                    "UniProt": 202601,
                    "Python": "3.13.1"
                }
            }
        ],
        "meta": {
            "nf-test": "0.9.0",
            "nextflow": "25.04.1"
        },
        "timestamp": "2026-04-15T12:38:48.683328"
    }
}