{
    "Should run without failures": {
        "content": [
            [
                [
                    {
                        "id": "GCA_003719455.1",
                        "ena_tax": "default"
                    },
                    "GCA_003719455.1_default_sourmash_gather.csv:md5,651c78167cfb4f462b6d3c3d2a24940f"
                ]
            ],
            {
                "SOURMASH_GATHER": {
                    "sourmash": "4.8.14"
                }
            }
        ],
        "meta": {
            "nf-test": "0.9.0",
            "nextflow": "25.04.1"
        },
        "timestamp": "2026-04-15T12:10:49.291061"
    }
}