{
    "Should run without failures": {
        "content": [
            {
                "RFAM_ACCESSIONS": {
                    "Rfam": 15.1,
                    "Rfam release date": "2026-01-16",
                    "Python": "3.13.1"
                }
            }
        ],
        "meta": {
            "nf-test": "0.9.0",
            "nextflow": "25.04.1"
        },
        "timestamp": "2026-04-15T13:19:05.063376"
    }
}