{
    "Should run without failures": {
        "content": [
            [
                [
                    {
                        "id": "GCA_003719455.1",
                        "ena_tax": "default"
                    },
                    [
                        "/Users/vkale/Downloads/pipelines/datascout/.nf-test/tests/2e25632c12fcffa933fe289bb77958c3/work/b6/1eb6804248a35e85b0d1c5d231e86c/GCA_003719455.1_default_rna_fastq_dir/SRRtest_1.fastq",
                        "/Users/vkale/Downloads/pipelines/datascout/.nf-test/tests/2e25632c12fcffa933fe289bb77958c3/work/b6/1eb6804248a35e85b0d1c5d231e86c/GCA_003719455.1_default_rna_fastq_dir/SRRtest_2.fastq"
                    ]
                ]
            ]
        ],
        "meta": {
            "nf-test": "0.9.2",
            "nextflow": "25.04.3"
        },
        "timestamp": "2025-09-09T13:40:35.558922"
    }
}