{
    "Should run without failures": {
        "content": [
            [
                [
                    {
                        "id": "test_sample1",
                        "genome_id": "GCA_003719455.1",
                        "ena_tax": "default"
                    },
                    "/Users/vkale/Downloads/pipelines/datascout/.nf-test/tests/ccff2e64bdfe0d7d3beb05d79effef7e/work/65/47598873521241209ca345bdc968d1/GCA_003719455.1_ENA_filtered_rna.csv"
                ]
            ]
        ],
        "meta": {
            "nf-test": "0.9.2",
            "nextflow": "25.04.3"
        },
        "timestamp": "2025-09-09T10:52:09.529384"
    }
}