{
    "Should run without failures": {
        "content": [
            {
                "0": [
                    [
                        {
                            "id": "GCA_003719455.1",
                            "ena_tax": "default"
                        },
                        "/Users/vkale/Downloads/pipelines/datascout/.nf-test/tests/b5ffa2ce19cacd412c5e56d541cdc312/work/5a/30a9a0d4095e28061fc2d45174b933/GCA_003719455.1_reheaded_assembly.fasta"
                    ]
                ],
                "assembly_fa": [
                    [
                        {
                            "id": "GCA_003719455.1",
                            "ena_tax": "default"
                        },
                        "/Users/vkale/Downloads/pipelines/datascout/.nf-test/tests/b5ffa2ce19cacd412c5e56d541cdc312/work/5a/30a9a0d4095e28061fc2d45174b933/GCA_003719455.1_reheaded_assembly.fasta"
                    ]
                ]
            }
        ],
        "meta": {
            "nf-test": "0.9.2",
            "nextflow": "25.04.3"
        },
        "timestamp": "2025-09-05T14:28:53.817926"
    }
}